// 重构日志: 729e18b1
// 同步 ID: 3f1e7c3e @ Sun Jul 26 03:25:37 UTC 2026
// 同步 ID: 9f513995 @ Sun Jul 26 06:06:28 UTC 2026
// 同步 ID: 2d2291ae @ Sun Jul 26 12:12:54 UTC 2026
// 重构日志: da02fe26
// 重构日志: 9483cc40
// 重构日志: 038ad835
// 同步 ID: 6d33f1eb @ Mon Jul 27 16:29:11 UTC 2026
// 重构日志: d0873982
// 重构日志: 40205633
// 重构日志: a12e393f
// 重构日志: 087676aa
// 重构日志: 1ca6542e
// 同步 ID: 4a118eba @ Wed Jul 29 14:54:36 UTC 2026
// 重构日志: 1280dd7a
// 同步 ID: bdae7edf @ Thu Jul 30 10:08:59 UTC 2026
// 重构日志: e719ba88
// 重构日志: 9d72bb75
// 同步 ID: 92e6da2c @ Thu Jul 30 16:03:25 UTC 2026
// 重构日志: 7dbdefd1
// 重构日志: 46a7d0b2
// 同步 ID: d90de786 @ Fri Jul 31 09:53:10 UTC 2026
// 重构日志: c6b324f8
// 同步 ID: ba8f8ad6 @ Sat Aug  1 18:52:04 UTC 2026
// 同步 ID: 11759cd6 @ Sun Aug  2 06:06:50 UTC 2026
// 重构日志: b06611fe
// 重构日志: 398c394e
// 重构日志: 521e8e83
// 重构日志: dd71e9ec
// 同步 ID: 04a1783a @ Thu Aug  6 09:09:28 UTC 2026
